// Jest Snapshot v1, https://goo.gl/fbAQLP

exports[`Render BoardList 1`] = `
<View
  style={
    Object {
      "flex": 1,
      "flexDirection": "row",
      "paddingTop": 20,
    }
  }
>
  <View
    style={
      Array [
        Object {
          "flex": 1,
          "paddingRight": 20,
          "width": "50%",
        },
        Object {
          "paddingLeft": 40,
        },
      ]
    }
  >
    <View
      accessible={true}
      isTVSelectable={true}
      onResponderGrant={[Function]}
      onResponderMove={[Function]}
      onResponderRelease={[Function]}
      onResponderTerminate={[Function]}
      onResponderTerminationRequest={[Function]}
      onStartShouldSetResponder={[Function]}
      style={
        Object {
          "borderRadius": 20,
          "minHeight": 250,
        }
      }
    >
      <View
        style={
          Object {
            "backgroundColor": "#5e1c73",
            "borderRadius": 20,
            "flex": 1,
            "padding": 20,
          }
        }
      >
        <Text
          style={
            Object {
              "color": "white",
              "fontSize": 24,
              "fontWeight": "300",
              "lineHeight": 36,
            }
          }
        >
          Test title
        </Text>
        <Text
          style={
            Object {
              "color": "rgba(255, 255, 255, 0.8)",
              "fontWeight": "200",
            }
          }
        >
          Test desc
        </Text>
      </View>
    </View>
  </View>
  <View
    style={
      Array [
        Object {
          "flex": 1,
          "paddingRight": 20,
          "width": "50%",
        },
        Object {
          "paddingLeft": 0,
        },
      ]
    }
  >
    <View
      accessible={true}
      isTVSelectable={true}
      onResponderGrant={[Function]}
      onResponderMove={[Function]}
      onResponderRelease={[Function]}
      onResponderTerminate={[Function]}
      onResponderTerminationRequest={[Function]}
      onStartShouldSetResponder={[Function]}
      style={
        Object {
          "borderRadius": 20,
          "minHeight": 250,
        }
      }
    >
      <View
        style={
          Object {
            "backgroundColor": "#5e1c73",
            "borderRadius": 20,
            "flex": 1,
            "padding": 20,
          }
        }
      >
        <Text
          style={
            Object {
              "color": "white",
              "fontSize": 24,
              "fontWeight": "300",
              "lineHeight": 36,
            }
          }
        >
          Test title
        </Text>
        <Text
          style={
            Object {
              "color": "rgba(255, 255, 255, 0.8)",
              "fontWeight": "200",
            }
          }
        >
          Test desc
        </Text>
      </View>
    </View>
  </View>
</View>
`;
