// Jest Snapshot v1, https://goo.gl/fbAQLP

exports[`Render BoardsItem 1`] = `
<View
  style={
    Object {
      "marginBottom": 20,
      "paddingRight": 20,
      "width": "50%",
    }
  }
>
  <View
    accessible={true}
    isTVSelectable={true}
    onResponderGrant={[Function]}
    onResponderMove={[Function]}
    onResponderRelease={[Function]}
    onResponderTerminate={[Function]}
    onResponderTerminationRequest={[Function]}
    onStartShouldSetResponder={[Function]}
    style={
      Object {
        "borderRadius": 20,
        "minHeight": 250,
      }
    }
  >
    <View
      style={
        Array [
          Object {
            "backgroundColor": "#5e1c73",
            "borderRadius": 20,
            "flex": 1,
            "padding": 20,
          },
          Object {},
          Object {},
        ]
      }
    >
      <Text
        style={
          Object {
            "color": "white",
            "fontSize": 24,
            "fontWeight": "300",
            "paddingBottom": 10,
          }
        }
      >
        Test title
      </Text>
      <Text
        style={
          Object {
            "color": "rgba(255, 255, 255, 0.8)",
            "fontWeight": "200",
          }
        }
      >
        Test desc
      </Text>
    </View>
  </View>
</View>
`;
