// Jest Snapshot v1, https://goo.gl/fbAQLP

exports[`Render BoardsFooter 1`] = `
<View
  accessible={true}
  isTVSelectable={true}
  onResponderGrant={[Function]}
  onResponderMove={[Function]}
  onResponderRelease={[Function]}
  onResponderTerminate={[Function]}
  onResponderTerminationRequest={[Function]}
  onStartShouldSetResponder={[Function]}
  style={
    Object {
      "backgroundColor": "#fa6c35",
      "borderRadius": 10,
      "opacity": 1,
      "padding": 10,
    }
  }
>
  <Text
    style={
      Array [
        Object {
          "color": "white",
          "fontSize": 24,
          "fontWeight": "300",
          "lineHeight": 36,
          "textAlign": "center",
        },
        false,
        false,
      ]
    }
  >
    test
  </Text>
</View>
`;
