// Jest Snapshot v1, https://goo.gl/fbAQLP

exports[`Render TodoItem 1`] = `
<View
  accessible={true}
  isTVSelectable={true}
  onResponderGrant={[Function]}
  onResponderMove={[Function]}
  onResponderRelease={[Function]}
  onResponderTerminate={[Function]}
  onResponderTerminationRequest={[Function]}
  onStartShouldSetResponder={[Function]}
  style={
    Object {
      "paddingLeft": 40,
      "paddingRight": 20,
      "paddingTop": 20,
    }
  }
>
  <View
    style={
      Object {
        "borderBottomColor": "#e9e9e9",
        "borderBottomWidth": 1,
        "flex": 1,
        "paddingBottom": 10,
      }
    }
  >
    <Text
      style={
        Object {
          "fontSize": 24,
          "lineHeight": 36,
        }
      }
    >
      Test title
    </Text>
    <Text
      style={
        Object {
          "color": "#cacaca",
          "fontWeight": "200",
        }
      }
    >
      Test desc
    </Text>
  </View>
</View>
`;
