// Jest Snapshot v1, https://goo.gl/fbAQLP

exports[`Render TodoForm 1`] = `
<View
  style={
    Object {
      "flex": 1,
      "padding": 20,
      "paddingLeft": 40,
    }
  }
>
  <View
    style={
      Object {
        "marginBottom": 20,
      }
    }
  >
    <View>
      <Text
        style={
          Object {
            "color": "rgba(0, 0, 0, 0.6)",
          }
        }
      >
        Title
      </Text>
      <TextInput
        allowFontScaling={true}
        label="Title"
        maxLength={40}
        onChangeText={[Function]}
        style={
          Object {
            "borderBottomColor": "#5e1c73",
            "borderBottomWidth": 1,
            "fontSize": 24,
            "paddingBottom": 10,
            "paddingRight": 10,
            "paddingTop": 10,
          }
        }
        underlineColorAndroid="transparent"
        value=""
      />
    </View>
  </View>
  <View
    style={
      Object {
        "marginBottom": 20,
      }
    }
  >
    <View>
      <Text
        style={
          Object {
            "color": "rgba(0, 0, 0, 0.6)",
          }
        }
      >
        Description
      </Text>
      <TextInput
        allowFontScaling={true}
        label="Description"
        multiline={true}
        numberOfLines={4}
        onChangeText={[Function]}
        style={
          Object {
            "borderBottomColor": "#5e1c73",
            "borderBottomWidth": 1,
            "fontSize": 24,
            "paddingBottom": 10,
            "paddingRight": 10,
            "paddingTop": 10,
          }
        }
        underlineColorAndroid="transparent"
        value=""
      />
    </View>
  </View>
  <View
    style={
      Object {
        "marginBottom": 20,
      }
    }
  >
    <View
      accessible={true}
      isTVSelectable={true}
      onResponderGrant={[Function]}
      onResponderMove={[Function]}
      onResponderRelease={[Function]}
      onResponderTerminate={[Function]}
      onResponderTerminationRequest={[Function]}
      onStartShouldSetResponder={[Function]}
      style={
        Object {
          "backgroundColor": "#fa6c35",
          "borderRadius": 10,
          "opacity": 1,
          "padding": 10,
        }
      }
    >
      <Text
        style={
          Object {
            "color": "white",
            "fontSize": 24,
            "fontWeight": "300",
            "lineHeight": 36,
            "textAlign": "center",
          }
        }
      >
        Add Todo
      </Text>
    </View>
  </View>
</View>
`;
