// Jest Snapshot v1, https://goo.gl/fbAQLP

exports[`Render main screen 1`] = `
<View
  onLayout={[Function]}
  style={
    Object {
      "flex": 1,
    }
  }
>
  <View
    enabled={false}
    hitSlop={
      Object {
        "right": 50,
      }
    }
    maxDeltaY={20}
    minOffsetX={5}
    onGestureEvent={[Function]}
    onHandlerStateChange={[Function]}
  >
    <View
      style={
        Object {
          "backgroundColor": "#eee",
          "flex": 1,
          "flexDirection": "column-reverse",
          "overflow": "hidden",
        }
      }
    >
      <View
        style={
          Object {
            "flex": 1,
          }
        }
      >
        <View
          pointerEvents="auto"
          style={
            Object {
              "bottom": 0,
              "left": 0,
              "opacity": 1,
              "position": "absolute",
              "right": 0,
              "top": 0,
              "transform": Array [
                Object {
                  "translateX": 0,
                },
                Object {
                  "translateY": 0,
                },
              ],
            }
          }
        >
          <View
            accessibilityElementsHidden={false}
            style={
              Object {
                "backgroundColor": "#fff",
                "flex": 1,
              }
            }
          >
            <View
              style={
                Object {
                  "flex": 1,
                  "flexDirection": "column-reverse",
                  "overflow": "hidden",
                }
              }
            >
              <View
                style={
                  Object {
                    "flex": 1,
                  }
                }
              >
                <View
                  style={
                    Object {
                      "flex": 1,
                    }
                  }
                >
                  <View
                    accessible={true}
                    isTVSelectable={true}
                    onResponderGrant={[Function]}
                    onResponderMove={[Function]}
                    onResponderRelease={[Function]}
                    onResponderTerminate={[Function]}
                    onResponderTerminationRequest={[Function]}
                    onStartShouldSetResponder={[Function]}
                    style={
                      Object {
                        "borderRadius": 20,
                        "bottom": 40,
                        "position": "absolute",
                        "right": 40,
                      }
                    }
                  >
                    <View
                      style={
                        Object {
                          "backgroundColor": "#fa6c35",
                          "borderRadius": 20,
                          "paddingBottom": 10,
                          "paddingLeft": 20,
                          "paddingRight": 20,
                          "paddingTop": 10,
                        }
                      }
                    >
                      <Text />
                    </View>
                  </View>
                </View>
              </View>
              <View
                style={
                  Object {
                    "backgroundColor": "white",
                    "paddingLeft": 40,
                    "paddingRight": 20,
                    "paddingTop": 80,
                  }
                }
              >
                <Text
                  style={
                    Object {
                      "color": "#5e1c73",
                      "fontSize": 48,
                      "fontWeight": "bold",
                    }
                  }
                >
                  Boards
                </Text>
              </View>
            </View>
          </View>
        </View>
      </View>
    </View>
  </View>
</View>
`;
